!AIVDM,1,1,,A,133m@ogP00PD;88MD5MTDww@2D7k,0*46

